// Jest Snapshot v1, https://goo.gl/fbAQLP

exports[`RENDER <ToggleGroup /> Matches Snapshot 1`] = `
<div
  className="Header"
  data-testid="Header"
>
  <button
    className="Inactive"
    data-testid="Public"
    onClick={[Function]}
  >
    Public
  </button>
  <button
    className="Inactive"
    data-testid="Mine"
    onClick={[Function]}
  >
    Mine
  </button>
</div>
`;

exports[`RENDERS <Transactions /> Matches Snapshot 1`] = `
<div>
  <div
    className="flex"
  >
    <div
      className="item"
    >
      <div
        className="info"
      >
        <h5>
          undefined payed You
        </h5>
        <p
          className="msg"
        />
        <p
          className="plus"
        >
          +$undefined
        </p>
      </div>
    </div>
  </div>
</div>
`;
